[      62ms] [ERROR] Failed to load resource: the server responded with a status of 404 (File not found) @ http://localhost:5500/preload-manager.js:0
[      65ms] [ERROR] Failed to load resource: the server responded with a status of 404 (File not found) @ http://localhost:5500/env-config.js:0
[     110ms] Uncaught Error: supabaseUrl is required.
    at <anonymous> (https://cdn.jsdelivr.net/npm/@supabase/supabase-js@2/dist/umd/supabase.min.js:6:190278)
    at ps (https://cdn.jsdelivr.net/npm/@supabase/supabase-js@2/dist/umd/supabase.min.js:6:190549)
    at e.createClient (https://cdn.jsdelivr.net/npm/@supabase/supabase-js@2/dist/umd/supabase.min.js:6:195783)
    at <anonymous> (http://localhost:5500/index.html:523:49)
[  245422ms] [ERROR] Failed to load resource: the server responded with a status of 404 (File not found) @ http://localhost:5500/preload-manager.js:0
[  245422ms] [ERROR] Failed to load resource: the server responded with a status of 404 (File not found) @ http://localhost:5500/env-config.js:0
[  245432ms] Uncaught Error: supabaseUrl is required.
    at <anonymous> (https://cdn.jsdelivr.net/npm/@supabase/supabase-js@2/dist/umd/supabase.min.js:6:190278)
    at ps (https://cdn.jsdelivr.net/npm/@supabase/supabase-js@2/dist/umd/supabase.min.js:6:190549)
    at e.createClient (https://cdn.jsdelivr.net/npm/@supabase/supabase-js@2/dist/umd/supabase.min.js:6:195783)
    at <anonymous> (http://localhost:5500/index.html:426:49)
[  821253ms] [ERROR] Failed to load resource: the server responded with a status of 404 (File not found) @ http://localhost:5500/env-config.js:0
[  821263ms] [ERROR] Failed to load resource: the server responded with a status of 404 (File not found) @ http://localhost:5500/preload-manager.js:0
[  821307ms] Uncaught Error: supabaseUrl is required.
    at <anonymous> (https://cdn.jsdelivr.net/npm/@supabase/supabase-js@2/dist/umd/supabase.min.js:6:190278)
    at ps (https://cdn.jsdelivr.net/npm/@supabase/supabase-js@2/dist/umd/supabase.min.js:6:190549)
    at e.createClient (https://cdn.jsdelivr.net/npm/@supabase/supabase-js@2/dist/umd/supabase.min.js:6:195783)
    at <anonymous> (http://localhost:5500/index.html:411:49)
