[     255ms] [ERROR] Failed to load resource: the server responded with a status of 404 (File not found) @ http://localhost:5500/env-config.js:0
[     259ms] [ERROR] Failed to load resource: the server responded with a status of 404 (File not found) @ http://localhost:5500/preload-manager.js:0
[     325ms] Uncaught Error: supabaseUrl is required.
    at <anonymous> (https://cdn.jsdelivr.net/npm/@supabase/supabase-js@2/dist/umd/supabase.min.js:6:190278)
    at ps (https://cdn.jsdelivr.net/npm/@supabase/supabase-js@2/dist/umd/supabase.min.js:6:190549)
    at e.createClient (https://cdn.jsdelivr.net/npm/@supabase/supabase-js@2/dist/umd/supabase.min.js:6:195783)
    at <anonymous> (http://localhost:5500/index.html:541:49)
[  534133ms] [ERROR] Failed to load resource: the server responded with a status of 404 (File not found) @ http://localhost:5500/env-config.js:0
[  534183ms] [ERROR] Failed to load resource: the server responded with a status of 404 (File not found) @ http://localhost:5500/preload-manager.js:0
[  534398ms] Uncaught Error: supabaseUrl is required.
    at <anonymous> (https://cdn.jsdelivr.net/npm/@supabase/supabase-js@2/dist/umd/supabase.min.js:6:190278)
    at ps (https://cdn.jsdelivr.net/npm/@supabase/supabase-js@2/dist/umd/supabase.min.js:6:190549)
    at e.createClient (https://cdn.jsdelivr.net/npm/@supabase/supabase-js@2/dist/umd/supabase.min.js:6:195783)
    at <anonymous> (http://localhost:5500/index.html:541:49)
[  551585ms] [ERROR] Failed to load resource: the server responded with a status of 404 (File not found) @ http://localhost:5500/env-config.js:0
[  551586ms] [ERROR] Failed to load resource: the server responded with a status of 404 (File not found) @ http://localhost:5500/preload-manager.js:0
[  551728ms] Uncaught Error: supabaseUrl is required.
    at <anonymous> (https://cdn.jsdelivr.net/npm/@supabase/supabase-js@2/dist/umd/supabase.min.js:6:190278)
    at ps (https://cdn.jsdelivr.net/npm/@supabase/supabase-js@2/dist/umd/supabase.min.js:6:190549)
    at e.createClient (https://cdn.jsdelivr.net/npm/@supabase/supabase-js@2/dist/umd/supabase.min.js:6:195783)
    at <anonymous> (http://localhost:5500/index.html:541:49)
[  575490ms] [ERROR] Failed to load resource: the server responded with a status of 401 (Unauthorized) @ http://localhost:4000/api/v1/auth/validate-token:0
[  575560ms] [ERROR] Failed to load resource: the server responded with a status of 401 (Unauthorized) @ http://localhost:4000/api/v1/auth/validate-token:0
[  576163ms] [WARNING] Unrecognized feature: 'web-share'. @ https://checkout.razorpay.com/v1/checkout.js:0
[  576518ms] [ERROR] Failed to load resource: the server responded with a status of 404 (File not found) @ http://localhost:5500/env-config.js:0
[  576519ms] [ERROR] Failed to load resource: the server responded with a status of 404 (File not found) @ http://localhost:5500/preload-manager.js:0
[  576557ms] Uncaught Error: supabaseUrl is required.
    at <anonymous> (https://cdn.jsdelivr.net/npm/@supabase/supabase-js@2/dist/umd/supabase.min.js:6:190278)
    at ps (https://cdn.jsdelivr.net/npm/@supabase/supabase-js@2/dist/umd/supabase.min.js:6:190549)
    at e.createClient (https://cdn.jsdelivr.net/npm/@supabase/supabase-js@2/dist/umd/supabase.min.js:6:195783)
    at <anonymous> (http://localhost:5500/index.html:541:49)
