[     339ms] [ERROR] Failed to load resource: the server responded with a status of 404 (File not found) @ http://localhost:5500/preload-manager.js:0
[     339ms] [ERROR] Failed to load resource: the server responded with a status of 404 (File not found) @ http://localhost:5500/env-config.js:0
[    1079ms] Uncaught Error: supabaseUrl is required.
    at <anonymous> (https://cdn.jsdelivr.net/npm/@supabase/supabase-js@2/dist/umd/supabase.min.js:6:190278)
    at ps (https://cdn.jsdelivr.net/npm/@supabase/supabase-js@2/dist/umd/supabase.min.js:6:190549)
    at e.createClient (https://cdn.jsdelivr.net/npm/@supabase/supabase-js@2/dist/umd/supabase.min.js:6:195783)
    at <anonymous> (http://localhost:5500/index.html:541:49)
[    1961ms] [ERROR] Failed to load resource: the server responded with a status of 404 (File not found) @ http://localhost:5500/favicon.ico:0
[   29709ms] [ERROR] Failed to load resource: net::ERR_CONNECTION_REFUSED @ http://localhost:4000/api/v1/auth/validate-token:0
[   29709ms] [WARNING] Backend validation failed: TypeError: Failed to fetch
    at patchedFetch (http://localhost:5500/config.js:126:14)
    at AuthManager.checkAuthentication (http://localhost:5500/shared-auth.js:73:38)
    at AuthManager.init (http://localhost:5500/shared-auth.js:11:20)
    at new AuthManager (http://localhost:5500/shared-auth.js:7:33)
    at http://localhost:5500/shared-auth.js:701:21 @ http://localhost:5500/shared-auth.js:132
[   30625ms] [WARNING] Unrecognized feature: 'web-share'. @ https://checkout.razorpay.com/v1/checkout.js:0
[   32057ms] [ERROR] Failed to load resource: the server responded with a status of 404 (File not found) @ http://localhost:5500/env-config.js:0
[   32058ms] [ERROR] Failed to load resource: the server responded with a status of 404 (File not found) @ http://localhost:5500/preload-manager.js:0
[   32235ms] Uncaught Error: supabaseUrl is required.
    at <anonymous> (https://cdn.jsdelivr.net/npm/@supabase/supabase-js@2/dist/umd/supabase.min.js:6:190278)
    at ps (https://cdn.jsdelivr.net/npm/@supabase/supabase-js@2/dist/umd/supabase.min.js:6:190549)
    at e.createClient (https://cdn.jsdelivr.net/npm/@supabase/supabase-js@2/dist/umd/supabase.min.js:6:195783)
    at <anonymous> (http://localhost:5500/index.html:541:49)
[  270043ms] [ERROR] Failed to load resource: the server responded with a status of 404 (Not Found) @ http://localhost:4000/preload-manager.js:0
[  270273ms] [ERROR] Refused to execute script from 'http://localhost:4000/preload-manager.js' because its MIME type ('application/json') is not executable, and strict MIME type checking is enabled. @ http://localhost:4000/index.html:0
[  270510ms] [ERROR] Failed to load resource: the server responded with a status of 404 (Not Found) @ http://localhost:4000/favicon.ico:0
[  777466ms] [ERROR] Failed to load resource: the server responded with a status of 404 (Not Found) @ http://localhost:4000/preload-manager.js:0
[  777582ms] [ERROR] Refused to execute script from 'http://localhost:4000/preload-manager.js' because its MIME type ('application/json') is not executable, and strict MIME type checking is enabled. @ http://localhost:4000/index.html:0
[  840491ms] [ERROR] Failed to load resource: the server responded with a status of 404 (Not Found) @ http://localhost:4000/preload-manager.js:0
[  840495ms] [ERROR] Refused to execute script from 'http://localhost:4000/preload-manager.js' because its MIME type ('application/json') is not executable, and strict MIME type checking is enabled. @ http://localhost:4000/index.html:0
[  858205ms] [ERROR] Failed to load resource: the server responded with a status of 401 (Unauthorized) @ http://localhost:4000/api/v1/auth/validate-token:0
[  858370ms] [ERROR] Failed to load resource: the server responded with a status of 401 (Unauthorized) @ http://localhost:4000/api/v1/auth/validate-token:0
[  858829ms] [WARNING] Unrecognized feature: 'web-share'. @ https://checkout.razorpay.com/v1/checkout.js:0
[  860035ms] [ERROR] Failed to load resource: the server responded with a status of 404 (Not Found) @ http://localhost:4000/preload-manager.js:0
[  860054ms] [ERROR] Refused to execute script from 'http://localhost:4000/preload-manager.js' because its MIME type ('application/json') is not executable, and strict MIME type checking is enabled. @ http://localhost:4000/index.html:0
